// Jest Snapshot v1, https://jestjs.io/docs/snapshot-testing

exports[`Probando Componente <GifExpertApp /> Debe hacer match con el snapshot 1`] = `
<div>
  <h1>
    GifExpertApp PC
  </h1>
  <form
    aria-label="form"
  >
    <input
      placeholder="Buscar Gifs"
      type="text"
      value=""
    />
  </form>
  <h3>
    Real Madrid
  </h3>
  <h2>
    Cargando...
  </h2>
  <h3>
    New York Yankees
  </h3>
  <h2>
    Cargando...
  </h2>
  <h3>
    Apple
  </h3>
  <h2>
    Cargando...
  </h2>
</div>
`;
