// Jest Snapshot v1, https://jestjs.io/docs/snapshot-testing

exports[`Probando Componente <GifItem /> Debe hacer match con el snapshot 1`] = `
<div>
  <div
    class="card"
  >
    <img
      alt="Un título"
      src="https://localhost/algo.jpg"
    />
    <p>
      Un título
    </p>
  </div>
</div>
`;
